tasks-axi 0.2.5
FM_TEST_BEGIN 2026-09-06T02:58:56Z tests/fm-remote-backlog-handoff.test.sh family=secondmate expected_gate_skip=none
ok - confined put rejects incomplete and superseded payload generations
ok - confined put rejects directory replacement without external writes
ok - ambiguous receipt leaves one durable outbox and no duplicate dispatchable source
ok - re-delivery after unknown completion converges without duplication
ok - dropped transfer recovery overwrites scratch and delivers exactly once
ok - concurrent handoffs serialize staging through confirmed cleanup
ok - receiver removes one proven dead stale lock and retries once
ok - bootstrap detects pending outbox handoffs without a journal
ok - remote handoff wakes its supported endpoint or remains loudly recoverable
ok - fresh remote work gets a new wake after confirmed cleanup recovery
ok - route classification serializes with retirement before staging
ok - unconfigured bootstrap has no remote handoff behavior
ALL TESTS PASSED
FM_TEST_END 2026-09-06T02:59:45Z tests/fm-remote-backlog-handoff.test.sh exit=0 duration_ms=48979 gate_skip=false
FM_TEST_SUMMARY total=1 failed=0 skipped_gate=0 duration_ms=49025
FM_TEST_SUMMARY_FAMILY family=secondmate count=1 duration_ms=48979 failed=0
FM_TEST_SLOWEST rank=1 script=tests/fm-remote-backlog-handoff.test.sh duration_ms=48979
rc=0 wall=49s
