##### fm-teardown
ok - local-only worktree with HEAD on a fork remote is torn down and the home summary is refreshed
ok - teardown closes its own backlog item before reporting success
ok - teardown honors config/backlog-backend=manual and still finishes cleanly
ok - local-only worktree with truly unpushed work is refused (safety preserved)
ok - local-only worktree with work merged into local main is torn down (no regression)
ok - no-mistakes worktree with HEAD on origin is torn down (no regression)
ok - no-mistakes worktree with genuinely unlanded work is refused (safety preserved)
ok - local-only worktree with unpushed work is torn down under --force (escape hatch)
ok - teardown completes when an exact busy-state sidecar is already absent
ok - herdr teardown removes pane-owned escalation dedupe state
ok - herdr flat teardown refuses before returning the isolated copy under lock contention and the retry completes cleanly
ok - herdr flat teardown never erases records when pane presence is unparseable
ok - herdr flat teardown preflight refuses before every destructive change
ok - forced secondmate teardown preflights every Herdr child before cleanup mutation
ok - forced secondmate teardown holds every descendant lifecycle and metadata lock
ok - forced secondmate teardown retains Herdr child identity until exact pane disappearance
ok - forced teardown retains a nested secondmate home and its grandchild's Herdr identity when the grandchild close is unconfirmed
ok - herdr projection teardown retires its journal only after confirming the exact recorded pane is gone
ok - herdr projection teardown retains every record when post-close presence is unknown
ok - herdr projection teardown surfaces failed focus restoration without turning confirmed cleanup into a hard failure
ok - squash-merged + deleted-branch worktree (PR merged) is torn down (the fix)
ok - squash-merged PR accepts a local HEAD that is an ancestor of the final PR head
ok - teardown discovers a merged PR by branch name and tears down when no pr= was ever recorded
ok - squash-merged PR accepts replayed unpushed local patches contained in the PR head
ok - merged PR does not allow teardown after a later local commit
ok - fm-pr-check does not refresh PR head after HEAD moves
ok - fm-pr-check records the remote PR head when the local worktree lags
ok - worktree whose content already landed in the default branch is torn down (content fallback)
ok - content fallback refreshes origin default before comparing trees
ok - dirty worktree is refused even when its committed work has landed (dirty always wins)
ok - gh lookup error with content not in default refuses (fail-safe)
ok - provably-stale worktree index.lock (old, no live holder) is cleared and teardown succeeds
ok - live-held worktree index.lock is never removed and teardown refuses
ok - lsof errors leave worktree index.lock in place and refuse teardown
ok - stale lock cleanup rechecks and refuses dirty worktree before return
ok - normal repo index.lock is resolved from the worktree and cleared when stale
ok - lock mtime read failures leave worktree index.lock in place and refuse teardown
ok - transient index.lock cleared after first failed return is retried successfully without force-remove
ok - persistent index.lock exhausts retries and refuses without force-removing the lock
ok - empty retry wait overrides use the default without aborting teardown
ok - fractional legacy retry wait remains supported without arithmetic
ok - a task's own parked no-mistakes run is aborted, not orphaned, before the worker is removed
ok - teardown refuses before reap or removal when a task-owned run remains parked
ok - a different run cannot confirm the targeted abort
ok - empty post-abort status is not accepted as confirmation
ok - the CLI's exact run-not-found signal confirms completion
ok - a parked run on another branch is never aborted by this task's teardown (ownership is precise)
ok - a task-owned autonomous running step is left alone rather than aborted
ok - a leaked descendant process rooted under the task's worktree is reaped by teardown, not left surviving
ok - a leaked descendant process rooted under the task's per-task tasktmp is reaped by teardown too
ok - missing lsof falls back to reaping the tmux pane process group
ok - an erroring lsof scan refuses teardown and preserves the task
ok - a reused pid with a different start time is never force-killed
ok - an exec change preserves birth identity and the process is reaped
ok - a process spawned during grace is reaped on a later pass
ok - persistent leaked processes refuse teardown after bounded retries
ok - a process exiting during identity lookup does not block teardown
ok - the run abort and the leaked-process reap both complete before the destructive worktree return
EXIT=0
##### fm-session-start
ok - context digest distinguishes ABSENT, empty-but-present, and populated files
ok - a lock refusal prints a loud read-only banner, skips every mutating step, and still completes the digest
ok - session start stays read-only when lock ownership cannot be published
ok - locked session start freezes trace context and lock refusal leaves it unchanged
ok - concurrent session-lock acquisition admits exactly one live harness
not ok - MISSING diagnostic did not appear at all
EXIT=1
##### fm-watch-triage
ok - a perpetually churning pane surfaces once its bounded deferral window is spent
ok - an unrecordable pane-churn deadline surfaces the turn-end
ok - an invalid pane-churn bound surfaces the turn-end
ok - an oversized pane-churn bound surfaces the turn-end
ok - invalid existing pane-churn deadlines surface without mutation
ok - a surfaced batch opens no partial pane-churn deadline
ok - a no-verb working: note whose crew is idle with no running pipeline is surfaced
ok - a secondmate's status note surfaces even while its own agent is busy
ok - a self-announced close never wakes its own home, and the next real note still does
ok - captain-relevant signal is surfaced (queue + exit) and marked surfaced
ok - a captain event hidden behind a later routine append is still surfaced (queue + exit)
ok - a finished release reported before routine cleanup chatter is still surfaced
ok - a routine append after an already-classified event is absorbed (no re-wake)
ok - unreadable status reports are bounded without advancing classification
ok - permission recovery surfaces content from the unadvanced position
ok - a stale pane sitting on a terminal status is surfaced (queue + exit)
ok - a stale terminal-looking status is overridden and absorbed while a run is actively working, then wedge-escalated
ok - provably-working non-terminal stale is absorbed on first sight, then wedge-escalated past the threshold
ok - consecutive wedge escalations on the same pane accumulate and demand deep inspection at the threshold
ok - a pane becoming active again resets the consecutive wedge-escalation counter
ok - a busy worker below the turn-age bound remains working with no escalation
ok - a busy worker with a stable pane hash still escalates once its completed-turn age reaches the bound
ok - a busy worker whose pane hash changes every poll still escalates once its completed-turn age reaches the bound
ok - touching a busy worker's completed-turn marker resets the age and prevents an old-age escalation
ok - repeated busy turn-age escalations reuse the existing escalation counter and demand deep inspection at the threshold
ok - the production default busy-turn-age bound is 3600s (5min under does not wedge, 66min over does)
ok - a busy pane under a declared pause is rechecked on the long cadence, and lifting the pause restores the wedge escalation
ok - away mode hands a busy declared pause to the daemon as a plain stale, and lifting the declaration restores the wedge escalation
ok - away mode wakes the daemon once per declaration for a busy pane whose footer ticks on every capture
ok - a not-provably-working non-terminal stale is surfaced immediately (never left to wait out the timer)
ok - a declared pause is absorbed on first sight, then re-surfaced as a recheck past the threshold, never wedge-escalated
ok - exited declared-pause and captain-held panes use bounded pause cadence while a live decision gate still surfaces once
ok - a declared paused secondmate re-surfaces on the bounded normal-mode cadence
ok - a captain-held secondmate re-surfaces on the bounded normal-mode cadence
ok - a non-paused secondmate retains normal stale suppression
ok - a resumed secondmate clears pause and stale tracking before stale exemption
ok - unchanged stale hashes reclassify when a crew enters or leaves pause
ok - a declared pause is periodically rechecked against authoritative active-run state
ok - a paused status overridden by authoritative working preserves its wedge timer and escalates
ok - matching non-terminal stale suppressors repair missing or corrupt stale-since timers
ok - a quiet pane writing its own worktree is deferred, while one writing nothing still wedge-escalates on the unchanged schedule
ok - a write deferral re-surfaces once on the bounded pause cadence, so a churning worktree cannot stay invisible
ok - a secondmate's own home supervision churn is not crew write evidence, so a pane recording that home keeps the unchanged escalation schedule
ok - an idle-window timer repair drops a finished write-deferral chain, so the next deferral gets a fresh re-surface window
ok - both first-sight paths through a captain-relevant status drop a finished write-deferral chain with the idle window
ok - triage log capping handles wc byte counts with leading spaces
ok - a captured process-event result wakes a healthy watcher proactively, with no manual drain
ok - an unacknowledged process-event result re-drains until handling is acknowledged
ok - complete process-event queue keys map to distinct seen markers
ok - queue revalidation, proactive output, and marker commit serialize with drain
/home/shane/.firstmate-cleanroom/no-mistakes/worktrees/56044c3a23d6/01M1WWCN9TXB8VF60YQRTEV7CZ/bin/fm-push-transition-lib.sh: line 96: echo: write error: Broken pipe
ok - surfacing failures replay until post-handling acknowledgement
ok - marker failure exits through the shared wake owner, releases its lock, and replays later
ok - a heartbeat with no captain-relevant change is absorbed and backs off the cadence
ok - heartbeat backstop fail-safe surfaces a captain-relevant status the per-wake path missed
ok - the heartbeat backstop surfaces a captain event hidden behind a later routine append
ok - the liveness beacon stays fresh while the watcher absorbs benign wakes (fm-guard never false-alarms)
ok - an afk signal records its captured heartbeat endpoint
ok - with .afk present the watcher reverts to one-shot so the daemon owns triage (no double-triage)
ok - AFK changed paused panes hand off plain stale identities for daemon-owned pause triage
EXIT=0
##### fm-crew-state
ok - active run-step is authoritative
ok - stale needs-decision over active run is superseded
ok - stale blocked over active run is superseded
ok - genuine parked run is not flagged superseded
ok - scalar gate parked run is not flagged superseded
ok - gate block parked run is not flagged superseded
ok - ci-ready status log beats monitoring run
ok - ci-monitoring run with checks already green surfaces done
ok - top-level ci status uses ci log green marker
ok - terminal no-checks ci-monitor marker surfaces done
ok - base-advance rearm after green stays working
ok - pending no-checks ci-monitor marker stays working
ok - ci-monitoring run with checks not yet green stays working
ok - a fresh issue after an earlier green reading is not masked
ok - stale checks-green status log does not mask CI relapse
ok - ci fixing is not overridden by an earlier green marker
ok - top-level fixing is not overridden by a stale ci running row
ok - top-level fixing is not overridden by a stale done log
ok - terminal passed run is authoritative
ok - terminal failed run is authoritative
ok - cross-branch run is attributed via the real runs list
ok - cross-branch attribution picks the branch's most recent row
ok - coarse run does not probe another branch's ci log
ok - another branch's run is ignored, falls back
ok - no run + a busy semantic record reads working, attributed to its source
ok - a converted adapter never reads working from rendered footer text
ok - grok still reads working through its isolated rendered-tail fallback
ok - herdr's native busy verdict reads working with no record present
ok - a mid-tool-call crew stays working because its record outranks herdr's generation state
ok - an idle record with idle agent_status stays not-busy (no regression for a human-blocked agent)
ok - no run + idle pane uses the status-log verb
ok - no run + idle pane parses keyed status syntax
ok - no run + idle pane on a paused: status reports state: paused with its reason
ok - no run + idle pane honors the configured paused verb
ok - a trailing resolved: event does not corrupt state render (idle stays idle)
ok - dead window ignores stale status log
ok - closed pane still reports a terminal run-step
ok - closed pane still reports an active run-step
ok - no timeout command uses perl bound
ok - scout skips the run lookup
ok - torn-down worktree is handled gracefully
ok - fm-crew-state remote: alive endpoint falls through to the routed status log
ok - fm-crew-state remote: an idle alive endpoint reads alive, never gone or dead
ok - fm-crew-state remote: an unreachable host reads unknown-remote, never gone or dead
ok - fm-crew-state remote: the remote host's own dead verdict is reported truthfully
ok - missing meta is handled gracefully
ok - crew_is_provably_working absorbs a validating crew found only via the runs-list fallback
ok - crew_is_provably_working still surfaces a genuinely stopped crew (safety property preserved)
ok - usage error exits 2
ok - historical same-branch rewritten head is not attributed as current
ok - active run with valid descendant fix head remains current
ok - local work advanced past run head invalidates attribution
ok - pipeline-owned active run binds without head equality and beats the failed row
ok - a genuinely failed run with no later run is not hidden
ok - coarse scan stops on an unresolvable active row instead of binding an older one
ok - the exemption requires branch_sync.state=pipeline_owned
ok - the exemption never applies to a terminal run
ok - missing run head falls back instead of matching by branch
EXIT=0
