ok - real Herdr lab: an opted-out spawn retains the Stage 1 Herdr command sequence with zero ordering calls
ok - real Herdr lab: a home that configured nothing falls back flat on below-floor herdr 0.7.5 with one naming warning
ok - real Herdr lab: every projected create, task-tab create, seeded prune, and move preserves active workspace and tab
warning: herdr presentation cleanup could not verify the exact pane; refusing focus-unsafe pane close
ok - real Herdr lab: active seeded-tab pruning refuses the exact pane and preserves exact focus
ok - real Herdr lab: bounded lock contention warns and falls back flat without projection or focus drift
ok - real Herdr lab: concurrent primary workers form one stable contiguous block without active workspace/tab drift
ok - real Herdr lab: forced workspace.move failure leaves a successful worker in default order with a warning and no cleanup
ok - real Herdr lab: concurrent post-create abort cleanup stays serialized with exact focus restoration
ok - real Herdr lab: Treehouse commands and metadata shape are byte-identical except for endpoint IDs and spawn incarnation
ok - real Herdr lab: exact task-pane close removes the projected workspace with no unrestored wrong-focus interval
ok - real Herdr lab: concurrent projected cleanup is serialized and leaves active workspace/tab unchanged
ok - real Herdr lab: three repeated concurrent create/order/cleanup waves have zero active workspace or tab drift
ok - real Herdr lab: the primary presentation setting inherits into real secondmate homes
ok - real Herdr lab: primary and two secondmate homes each own a top-level contiguous child block
ok - real Herdr lab: concurrent primary/A/B spawns preserve parent order and exact focus
ok - real Herdr lab: session lock contention from a secondmate home falls back flat with no journal
ok - real Herdr lab: Hi Bit and Wheelhouse-style same-identity restarts reclaim one nested space with exact focus and idempotence
ok - real Herdr lab: secondmate restart binding and reclaim stay isolated to the exact child home and parent
not ok - recovery under a session lock held 12s was refused after 6s: warning: /tmp/fm-herdr-presentation.P5jYbI/home/data/resume-long-hold/brief.md records no delivery contract line (scaffolded before ship briefs recorded one); launching on the explicit --mode no-mistakes - confirm its definition of done matches
error: herdr presentation recovery could not acquire its session lock; refusing a concurrent resume

real	4m34.403s
user	1m21.823s
sys	0m53.494s
exit=1
